------------------------------------------------------------
Timing Analyzer Summary
------------------------------------------------------------

Type  : Slow 1200mV 85C Model Setup 'counter[11]'
Slack : -16.575
TNS   : -759.236

Type  : Slow 1200mV 85C Model Setup 'seven_seg_controller_inst|clk_7seg_inst|altpll_component|auto_generated|pll1|clk[1]'
Slack : -16.067
TNS   : -273.420

Type  : Slow 1200mV 85C Model Setup 'seven_seg_controller_inst|clk_7seg_inst|altpll_component|auto_generated|pll1|clk[0]'
Slack : -2.973
TNS   : -79.999

Type  : Slow 1200mV 85C Model Setup 'hvsync_generator:hvsync_generator_inst|pixel_clk'
Slack : -2.364
TNS   : -43.176

Type  : Slow 1200mV 85C Model Setup 'clk50'
Slack : -2.265
TNS   : -67.262

Type  : Slow 1200mV 85C Model Hold 'seven_seg_controller_inst|clk_7seg_inst|altpll_component|auto_generated|pll1|clk[1]'
Slack : 0.447
TNS   : 0.000

Type  : Slow 1200mV 85C Model Hold 'seven_seg_controller_inst|clk_7seg_inst|altpll_component|auto_generated|pll1|clk[0]'
Slack : 0.452
TNS   : 0.000

Type  : Slow 1200mV 85C Model Hold 'clk50'
Slack : 0.465
TNS   : 0.000

Type  : Slow 1200mV 85C Model Hold 'counter[11]'
Slack : 0.696
TNS   : 0.000

Type  : Slow 1200mV 85C Model Hold 'hvsync_generator:hvsync_generator_inst|pixel_clk'
Slack : 0.731
TNS   : 0.000

Type  : Slow 1200mV 85C Model Recovery 'seven_seg_controller_inst|clk_7seg_inst|altpll_component|auto_generated|pll1|clk[1]'
Slack : 7.559
TNS   : 0.000

Type  : Slow 1200mV 85C Model Removal 'seven_seg_controller_inst|clk_7seg_inst|altpll_component|auto_generated|pll1|clk[1]'
Slack : 0.886
TNS   : 0.000

Type  : Slow 1200mV 85C Model Minimum Pulse Width 'counter[11]'
Slack : -3.201
TNS   : -114.828

Type  : Slow 1200mV 85C Model Minimum Pulse Width 'hvsync_generator:hvsync_generator_inst|pixel_clk'
Slack : -1.487
TNS   : -34.201

Type  : Slow 1200mV 85C Model Minimum Pulse Width 'ram_manager:ram_manager_inst|rdreq_buffer'
Slack : -1.487
TNS   : -1.487

Type  : Slow 1200mV 85C Model Minimum Pulse Width 'seven_seg_controller_inst|clk_7seg_inst|altpll_component|auto_generated|pll1|clk[1]'
Slack : 4.703
TNS   : 0.000

Type  : Slow 1200mV 85C Model Minimum Pulse Width 'clk50'
Slack : 9.783
TNS   : 0.000

Type  : Slow 1200mV 85C Model Minimum Pulse Width 'seven_seg_controller_inst|clk_7seg_inst|altpll_component|auto_generated|pll1|clk[0]'
Slack : 4999.715
TNS   : 0.000

Type  : Slow 1200mV 0C Model Setup 'counter[11]'
Slack : -15.527
TNS   : -708.106

Type  : Slow 1200mV 0C Model Setup 'seven_seg_controller_inst|clk_7seg_inst|altpll_component|auto_generated|pll1|clk[1]'
Slack : -14.847
TNS   : -218.620

Type  : Slow 1200mV 0C Model Setup 'seven_seg_controller_inst|clk_7seg_inst|altpll_component|auto_generated|pll1|clk[0]'
Slack : -2.473
TNS   : -66.370

Type  : Slow 1200mV 0C Model Setup 'hvsync_generator:hvsync_generator_inst|pixel_clk'
Slack : -2.141
TNS   : -38.183

Type  : Slow 1200mV 0C Model Setup 'clk50'
Slack : -2.011
TNS   : -59.190

Type  : Slow 1200mV 0C Model Hold 'seven_seg_controller_inst|clk_7seg_inst|altpll_component|auto_generated|pll1|clk[1]'
Slack : 0.399
TNS   : 0.000

Type  : Slow 1200mV 0C Model Hold 'seven_seg_controller_inst|clk_7seg_inst|altpll_component|auto_generated|pll1|clk[0]'
Slack : 0.400
TNS   : 0.000

Type  : Slow 1200mV 0C Model Hold 'clk50'
Slack : 0.416
TNS   : 0.000

Type  : Slow 1200mV 0C Model Hold 'counter[11]'
Slack : 0.637
TNS   : 0.000

Type  : Slow 1200mV 0C Model Hold 'hvsync_generator:hvsync_generator_inst|pixel_clk'
Slack : 0.652
TNS   : 0.000

Type  : Slow 1200mV 0C Model Recovery 'seven_seg_controller_inst|clk_7seg_inst|altpll_component|auto_generated|pll1|clk[1]'
Slack : 7.714
TNS   : 0.000

Type  : Slow 1200mV 0C Model Removal 'seven_seg_controller_inst|clk_7seg_inst|altpll_component|auto_generated|pll1|clk[1]'
Slack : 0.814
TNS   : 0.000

Type  : Slow 1200mV 0C Model Minimum Pulse Width 'counter[11]'
Slack : -3.201
TNS   : -114.828

Type  : Slow 1200mV 0C Model Minimum Pulse Width 'hvsync_generator:hvsync_generator_inst|pixel_clk'
Slack : -1.487
TNS   : -34.201

Type  : Slow 1200mV 0C Model Minimum Pulse Width 'ram_manager:ram_manager_inst|rdreq_buffer'
Slack : -1.487
TNS   : -1.495

Type  : Slow 1200mV 0C Model Minimum Pulse Width 'seven_seg_controller_inst|clk_7seg_inst|altpll_component|auto_generated|pll1|clk[1]'
Slack : 4.673
TNS   : 0.000

Type  : Slow 1200mV 0C Model Minimum Pulse Width 'clk50'
Slack : 9.773
TNS   : 0.000

Type  : Slow 1200mV 0C Model Minimum Pulse Width 'seven_seg_controller_inst|clk_7seg_inst|altpll_component|auto_generated|pll1|clk[0]'
Slack : 4999.715
TNS   : 0.000

Type  : Fast 1200mV 0C Model Setup 'counter[11]'
Slack : -6.530
TNS   : -280.607

Type  : Fast 1200mV 0C Model Setup 'seven_seg_controller_inst|clk_7seg_inst|altpll_component|auto_generated|pll1|clk[1]'
Slack : -6.284
TNS   : -81.193

Type  : Fast 1200mV 0C Model Setup 'seven_seg_controller_inst|clk_7seg_inst|altpll_component|auto_generated|pll1|clk[0]'
Slack : -0.933
TNS   : -24.490

Type  : Fast 1200mV 0C Model Setup 'hvsync_generator:hvsync_generator_inst|pixel_clk'
Slack : -0.414
TNS   : -5.339

Type  : Fast 1200mV 0C Model Setup 'clk50'
Slack : -0.343
TNS   : -6.076

Type  : Fast 1200mV 0C Model Hold 'seven_seg_controller_inst|clk_7seg_inst|altpll_component|auto_generated|pll1|clk[1]'
Slack : 0.185
TNS   : 0.000

Type  : Fast 1200mV 0C Model Hold 'seven_seg_controller_inst|clk_7seg_inst|altpll_component|auto_generated|pll1|clk[0]'
Slack : 0.186
TNS   : 0.000

Type  : Fast 1200mV 0C Model Hold 'clk50'
Slack : 0.193
TNS   : 0.000

Type  : Fast 1200mV 0C Model Hold 'counter[11]'
Slack : 0.268
TNS   : 0.000

Type  : Fast 1200mV 0C Model Hold 'hvsync_generator:hvsync_generator_inst|pixel_clk'
Slack : 0.277
TNS   : 0.000

Type  : Fast 1200mV 0C Model Recovery 'seven_seg_controller_inst|clk_7seg_inst|altpll_component|auto_generated|pll1|clk[1]'
Slack : 8.888
TNS   : 0.000

Type  : Fast 1200mV 0C Model Removal 'seven_seg_controller_inst|clk_7seg_inst|altpll_component|auto_generated|pll1|clk[1]'
Slack : 0.381
TNS   : 0.000

Type  : Fast 1200mV 0C Model Minimum Pulse Width 'counter[11]'
Slack : -1.000
TNS   : -68.000

Type  : Fast 1200mV 0C Model Minimum Pulse Width 'hvsync_generator:hvsync_generator_inst|pixel_clk'
Slack : -1.000
TNS   : -23.000

Type  : Fast 1200mV 0C Model Minimum Pulse Width 'ram_manager:ram_manager_inst|rdreq_buffer'
Slack : -1.000
TNS   : -1.000

Type  : Fast 1200mV 0C Model Minimum Pulse Width 'seven_seg_controller_inst|clk_7seg_inst|altpll_component|auto_generated|pll1|clk[1]'
Slack : 4.726
TNS   : 0.000

Type  : Fast 1200mV 0C Model Minimum Pulse Width 'clk50'
Slack : 9.434
TNS   : 0.000

Type  : Fast 1200mV 0C Model Minimum Pulse Width 'seven_seg_controller_inst|clk_7seg_inst|altpll_component|auto_generated|pll1|clk[0]'
Slack : 4999.797
TNS   : 0.000

------------------------------------------------------------
