------------------------------------------------------------
Timing Analyzer Summary
------------------------------------------------------------

Type  : Slow 1200mV 85C Model Setup 'clk50'
Slack : -4.490
TNS   : -74.946

Type  : Slow 1200mV 85C Model Setup 'clock_divider:wrapper|clk_25'
Slack : -2.231
TNS   : -43.583

Type  : Slow 1200mV 85C Model Hold 'clk50'
Slack : 0.453
TNS   : 0.000

Type  : Slow 1200mV 85C Model Hold 'clock_divider:wrapper|clk_25'
Slack : 0.634
TNS   : 0.000

Type  : Slow 1200mV 85C Model Minimum Pulse Width 'clk50'
Slack : -3.000
TNS   : -53.558

Type  : Slow 1200mV 85C Model Minimum Pulse Width 'clock_divider:wrapper|clk_25'
Slack : -1.487
TNS   : -37.175

Type  : Slow 1200mV 0C Model Setup 'clk50'
Slack : -4.149
TNS   : -64.246

Type  : Slow 1200mV 0C Model Setup 'clock_divider:wrapper|clk_25'
Slack : -1.997
TNS   : -38.218

Type  : Slow 1200mV 0C Model Hold 'clk50'
Slack : 0.401
TNS   : 0.000

Type  : Slow 1200mV 0C Model Hold 'clock_divider:wrapper|clk_25'
Slack : 0.562
TNS   : 0.000

Type  : Slow 1200mV 0C Model Minimum Pulse Width 'clk50'
Slack : -3.000
TNS   : -53.558

Type  : Slow 1200mV 0C Model Minimum Pulse Width 'clock_divider:wrapper|clk_25'
Slack : -1.487
TNS   : -37.175

Type  : Fast 1200mV 0C Model Setup 'clk50'
Slack : -1.332
TNS   : -14.214

Type  : Fast 1200mV 0C Model Setup 'clock_divider:wrapper|clk_25'
Slack : -0.343
TNS   : -4.579

Type  : Fast 1200mV 0C Model Hold 'clk50'
Slack : 0.186
TNS   : 0.000

Type  : Fast 1200mV 0C Model Hold 'clock_divider:wrapper|clk_25'
Slack : 0.258
TNS   : 0.000

Type  : Fast 1200mV 0C Model Minimum Pulse Width 'clk50'
Slack : -3.000
TNS   : -39.193

Type  : Fast 1200mV 0C Model Minimum Pulse Width 'clock_divider:wrapper|clk_25'
Slack : -1.000
TNS   : -25.000

------------------------------------------------------------
