------------------------------------------------------------
Timing Analyzer Summary
------------------------------------------------------------

Type  : Slow 1200mV 85C Model Setup 'seven_seg_controller_inst|clk_7seg_inst|altpll_component|auto_generated|pll1|clk[1]'
Slack : -16.417
TNS   : -297.599

Type  : Slow 1200mV 85C Model Setup 'counter[12]'
Slack : -16.005
TNS   : -758.891

Type  : Slow 1200mV 85C Model Setup 'seven_seg_controller_inst|clk_7seg_inst|altpll_component|auto_generated|pll1|clk[0]'
Slack : -2.873
TNS   : -78.086

Type  : Slow 1200mV 85C Model Setup 'clk50'
Slack : -1.408
TNS   : -1.408

Type  : Slow 1200mV 85C Model Hold 'seven_seg_controller_inst|clk_7seg_inst|altpll_component|auto_generated|pll1|clk[1]'
Slack : 0.370
TNS   : 0.000

Type  : Slow 1200mV 85C Model Hold 'seven_seg_controller_inst|clk_7seg_inst|altpll_component|auto_generated|pll1|clk[0]'
Slack : 0.444
TNS   : 0.000

Type  : Slow 1200mV 85C Model Hold 'clk50'
Slack : 0.465
TNS   : 0.000

Type  : Slow 1200mV 85C Model Hold 'counter[12]'
Slack : 0.747
TNS   : 0.000

Type  : Slow 1200mV 85C Model Recovery 'seven_seg_controller_inst|clk_7seg_inst|altpll_component|auto_generated|pll1|clk[1]'
Slack : 7.150
TNS   : 0.000

Type  : Slow 1200mV 85C Model Removal 'seven_seg_controller_inst|clk_7seg_inst|altpll_component|auto_generated|pll1|clk[1]'
Slack : 1.081
TNS   : 0.000

Type  : Slow 1200mV 85C Model Minimum Pulse Width 'counter[12]'
Slack : -3.201
TNS   : -114.828

Type  : Slow 1200mV 85C Model Minimum Pulse Width 'ram_manager:ram_manager_inst|rdreq_buffer'
Slack : -1.487
TNS   : -1.487

Type  : Slow 1200mV 85C Model Minimum Pulse Width 'seven_seg_controller_inst|clk_7seg_inst|altpll_component|auto_generated|pll1|clk[1]'
Slack : 4.707
TNS   : 0.000

Type  : Slow 1200mV 85C Model Minimum Pulse Width 'clk50'
Slack : 9.783
TNS   : 0.000

Type  : Slow 1200mV 85C Model Minimum Pulse Width 'seven_seg_controller_inst|clk_7seg_inst|altpll_component|auto_generated|pll1|clk[0]'
Slack : 4999.704
TNS   : 0.000

Type  : Slow 1200mV 0C Model Setup 'seven_seg_controller_inst|clk_7seg_inst|altpll_component|auto_generated|pll1|clk[1]'
Slack : -15.241
TNS   : -241.759

Type  : Slow 1200mV 0C Model Setup 'counter[12]'
Slack : -15.027
TNS   : -709.282

Type  : Slow 1200mV 0C Model Setup 'seven_seg_controller_inst|clk_7seg_inst|altpll_component|auto_generated|pll1|clk[0]'
Slack : -2.382
TNS   : -64.745

Type  : Slow 1200mV 0C Model Setup 'clk50'
Slack : -1.310
TNS   : -1.310

Type  : Slow 1200mV 0C Model Hold 'seven_seg_controller_inst|clk_7seg_inst|altpll_component|auto_generated|pll1|clk[1]'
Slack : 0.353
TNS   : 0.000

Type  : Slow 1200mV 0C Model Hold 'seven_seg_controller_inst|clk_7seg_inst|altpll_component|auto_generated|pll1|clk[0]'
Slack : 0.397
TNS   : 0.000

Type  : Slow 1200mV 0C Model Hold 'clk50'
Slack : 0.417
TNS   : 0.000

Type  : Slow 1200mV 0C Model Hold 'counter[12]'
Slack : 0.693
TNS   : 0.000

Type  : Slow 1200mV 0C Model Recovery 'seven_seg_controller_inst|clk_7seg_inst|altpll_component|auto_generated|pll1|clk[1]'
Slack : 7.319
TNS   : 0.000

Type  : Slow 1200mV 0C Model Removal 'seven_seg_controller_inst|clk_7seg_inst|altpll_component|auto_generated|pll1|clk[1]'
Slack : 0.962
TNS   : 0.000

Type  : Slow 1200mV 0C Model Minimum Pulse Width 'counter[12]'
Slack : -3.201
TNS   : -114.828

Type  : Slow 1200mV 0C Model Minimum Pulse Width 'ram_manager:ram_manager_inst|rdreq_buffer'
Slack : -1.487
TNS   : -1.487

Type  : Slow 1200mV 0C Model Minimum Pulse Width 'seven_seg_controller_inst|clk_7seg_inst|altpll_component|auto_generated|pll1|clk[1]'
Slack : 4.683
TNS   : 0.000

Type  : Slow 1200mV 0C Model Minimum Pulse Width 'clk50'
Slack : 9.774
TNS   : 0.000

Type  : Slow 1200mV 0C Model Minimum Pulse Width 'seven_seg_controller_inst|clk_7seg_inst|altpll_component|auto_generated|pll1|clk[0]'
Slack : 4999.673
TNS   : 0.000

Type  : Fast 1200mV 0C Model Setup 'seven_seg_controller_inst|clk_7seg_inst|altpll_component|auto_generated|pll1|clk[1]'
Slack : -6.450
TNS   : -92.390

Type  : Fast 1200mV 0C Model Setup 'counter[12]'
Slack : -6.281
TNS   : -282.606

Type  : Fast 1200mV 0C Model Setup 'seven_seg_controller_inst|clk_7seg_inst|altpll_component|auto_generated|pll1|clk[0]'
Slack : -0.881
TNS   : -23.751

Type  : Fast 1200mV 0C Model Setup 'clk50'
Slack : -0.427
TNS   : -0.427

Type  : Fast 1200mV 0C Model Hold 'seven_seg_controller_inst|clk_7seg_inst|altpll_component|auto_generated|pll1|clk[1]'
Slack : 0.117
TNS   : 0.000

Type  : Fast 1200mV 0C Model Hold 'seven_seg_controller_inst|clk_7seg_inst|altpll_component|auto_generated|pll1|clk[0]'
Slack : 0.186
TNS   : 0.000

Type  : Fast 1200mV 0C Model Hold 'clk50'
Slack : 0.193
TNS   : 0.000

Type  : Fast 1200mV 0C Model Hold 'counter[12]'
Slack : 0.295
TNS   : 0.000

Type  : Fast 1200mV 0C Model Recovery 'seven_seg_controller_inst|clk_7seg_inst|altpll_component|auto_generated|pll1|clk[1]'
Slack : 8.719
TNS   : 0.000

Type  : Fast 1200mV 0C Model Removal 'seven_seg_controller_inst|clk_7seg_inst|altpll_component|auto_generated|pll1|clk[1]'
Slack : 0.465
TNS   : 0.000

Type  : Fast 1200mV 0C Model Minimum Pulse Width 'counter[12]'
Slack : -1.000
TNS   : -68.000

Type  : Fast 1200mV 0C Model Minimum Pulse Width 'ram_manager:ram_manager_inst|rdreq_buffer'
Slack : -1.000
TNS   : -1.000

Type  : Fast 1200mV 0C Model Minimum Pulse Width 'seven_seg_controller_inst|clk_7seg_inst|altpll_component|auto_generated|pll1|clk[1]'
Slack : 4.728
TNS   : 0.000

Type  : Fast 1200mV 0C Model Minimum Pulse Width 'clk50'
Slack : 9.435
TNS   : 0.000

Type  : Fast 1200mV 0C Model Minimum Pulse Width 'seven_seg_controller_inst|clk_7seg_inst|altpll_component|auto_generated|pll1|clk[0]'
Slack : 4999.773
TNS   : 0.000

------------------------------------------------------------
