------------------------------------------------------------
Timing Analyzer Summary
------------------------------------------------------------

Type  : Slow 1200mV 85C Model Setup 'cpu_clk'
Slack : -12.117
TNS   : -67.656

Type  : Slow 1200mV 85C Model Setup 'clk_50'
Slack : -11.810
TNS   : -2670.602

Type  : Slow 1200mV 85C Model Setup 'ROM_small:_ROM_small|data[15]'
Slack : -10.220
TNS   : -231.947

Type  : Slow 1200mV 85C Model Setup 'hvsync_generator:_hvsync_generator|pixel_clk'
Slack : -2.759
TNS   : -48.897

Type  : Slow 1200mV 85C Model Setup 'clk_divider:_clk_divider|out'
Slack : -2.181
TNS   : -2.181

Type  : Slow 1200mV 85C Model Hold 'ROM_small:_ROM_small|data[15]'
Slack : -0.122
TNS   : -0.525

Type  : Slow 1200mV 85C Model Hold 'cpu_clk'
Slack : 0.465
TNS   : 0.000

Type  : Slow 1200mV 85C Model Hold 'clk_50'
Slack : 0.509
TNS   : 0.000

Type  : Slow 1200mV 85C Model Hold 'hvsync_generator:_hvsync_generator|pixel_clk'
Slack : 0.755
TNS   : 0.000

Type  : Slow 1200mV 85C Model Hold 'clk_divider:_clk_divider|out'
Slack : 0.775
TNS   : 0.000

Type  : Slow 1200mV 85C Model Minimum Pulse Width 'clk_50'
Slack : -3.000
TNS   : -504.119

Type  : Slow 1200mV 85C Model Minimum Pulse Width 'ROM_small:_ROM_small|data[15]'
Slack : -1.487
TNS   : -47.584

Type  : Slow 1200mV 85C Model Minimum Pulse Width 'hvsync_generator:_hvsync_generator|pixel_clk'
Slack : -1.487
TNS   : -34.201

Type  : Slow 1200mV 85C Model Minimum Pulse Width 'cpu_clk'
Slack : -1.487
TNS   : -32.714

Type  : Slow 1200mV 85C Model Minimum Pulse Width 'clk_divider:_clk_divider|out'
Slack : -1.487
TNS   : -1.487

Type  : Slow 1200mV 0C Model Setup 'cpu_clk'
Slack : -11.430
TNS   : -62.800

Type  : Slow 1200mV 0C Model Setup 'clk_50'
Slack : -11.132
TNS   : -2488.294

Type  : Slow 1200mV 0C Model Setup 'ROM_small:_ROM_small|data[15]'
Slack : -9.600
TNS   : -218.170

Type  : Slow 1200mV 0C Model Setup 'hvsync_generator:_hvsync_generator|pixel_clk'
Slack : -2.478
TNS   : -43.289

Type  : Slow 1200mV 0C Model Setup 'clk_divider:_clk_divider|out'
Slack : -1.927
TNS   : -1.927

Type  : Slow 1200mV 0C Model Hold 'ROM_small:_ROM_small|data[15]'
Slack : -0.204
TNS   : -1.144

Type  : Slow 1200mV 0C Model Hold 'cpu_clk'
Slack : 0.416
TNS   : 0.000

Type  : Slow 1200mV 0C Model Hold 'clk_50'
Slack : 0.470
TNS   : 0.000

Type  : Slow 1200mV 0C Model Hold 'clk_divider:_clk_divider|out'
Slack : 0.686
TNS   : 0.000

Type  : Slow 1200mV 0C Model Hold 'hvsync_generator:_hvsync_generator|pixel_clk'
Slack : 0.703
TNS   : 0.000

Type  : Slow 1200mV 0C Model Minimum Pulse Width 'clk_50'
Slack : -3.000
TNS   : -504.119

Type  : Slow 1200mV 0C Model Minimum Pulse Width 'ROM_small:_ROM_small|data[15]'
Slack : -1.487
TNS   : -47.584

Type  : Slow 1200mV 0C Model Minimum Pulse Width 'hvsync_generator:_hvsync_generator|pixel_clk'
Slack : -1.487
TNS   : -34.201

Type  : Slow 1200mV 0C Model Minimum Pulse Width 'cpu_clk'
Slack : -1.487
TNS   : -32.752

Type  : Slow 1200mV 0C Model Minimum Pulse Width 'clk_divider:_clk_divider|out'
Slack : -1.487
TNS   : -1.487

Type  : Fast 1200mV 0C Model Setup 'cpu_clk'
Slack : -4.769
TNS   : -20.086

Type  : Fast 1200mV 0C Model Setup 'clk_50'
Slack : -4.682
TNS   : -1024.702

Type  : Fast 1200mV 0C Model Setup 'ROM_small:_ROM_small|data[15]'
Slack : -4.026
TNS   : -90.356

Type  : Fast 1200mV 0C Model Setup 'hvsync_generator:_hvsync_generator|pixel_clk'
Slack : -0.576
TNS   : -7.761

Type  : Fast 1200mV 0C Model Setup 'clk_divider:_clk_divider|out'
Slack : -0.444
TNS   : -0.444

Type  : Fast 1200mV 0C Model Hold 'cpu_clk'
Slack : 0.194
TNS   : 0.000

Type  : Fast 1200mV 0C Model Hold 'ROM_small:_ROM_small|data[15]'
Slack : 0.203
TNS   : 0.000

Type  : Fast 1200mV 0C Model Hold 'clk_50'
Slack : 0.204
TNS   : 0.000

Type  : Fast 1200mV 0C Model Hold 'hvsync_generator:_hvsync_generator|pixel_clk'
Slack : 0.304
TNS   : 0.000

Type  : Fast 1200mV 0C Model Hold 'clk_divider:_clk_divider|out'
Slack : 0.314
TNS   : 0.000

Type  : Fast 1200mV 0C Model Minimum Pulse Width 'clk_50'
Slack : -3.000
TNS   : -364.881

Type  : Fast 1200mV 0C Model Minimum Pulse Width 'ROM_small:_ROM_small|data[15]'
Slack : -1.000
TNS   : -32.000

Type  : Fast 1200mV 0C Model Minimum Pulse Width 'hvsync_generator:_hvsync_generator|pixel_clk'
Slack : -1.000
TNS   : -23.000

Type  : Fast 1200mV 0C Model Minimum Pulse Width 'cpu_clk'
Slack : -1.000
TNS   : -22.000

Type  : Fast 1200mV 0C Model Minimum Pulse Width 'clk_divider:_clk_divider|out'
Slack : -1.000
TNS   : -1.000

------------------------------------------------------------
